// Jest Snapshot v1, https://goo.gl/fbAQLP

exports[`MovieList component should render correctly 1`] = `
<DocumentFragment>
  <div
    class="list"
  >
    <div
      class="card cardItem"
      data-testid="movieCard"
    >
      <div
        class="menu menuContext"
        data-testid="menu"
      >
        <button
          class="btnOpen"
          type="button"
        >
          <svg
            class="icon"
          >
            <use
              xlink:href="#undefined"
            />
          </svg>
        </button>
        <button
          class="btnClose"
          type="button"
        >
          <svg
            class="icon"
          >
            <use
              xlink:href="#undefined"
            />
          </svg>
        </button>
      </div>
      <div
        aria-hidden="true"
        class="preview"
        data-testid="showDetailsOnPicture"
        role="button"
      >
        <img
          alt="Gemini"
          src="https://image.tmdb.org/t/p/w500/oIltQs7MPk7VQFG3DJfgC63mShU.jpg"
        />
      </div>
      <div
        class="info"
      >
        <div
          aria-hidden="true"
          class="title"
          data-testid="showDetailsOnTitle"
          role="button"
        >
          Gemini
        </div>
        <span
          class="year"
        >
          2018
        </span>
      </div>
      <div
        class="genres"
      >
        <span
          class="genre"
          data-testid="genre"
        >
          Mystery
        </span>
        <span
          class="genre"
          data-testid="genre"
        >
          Thriller
        </span>
      </div>
    </div>
    <div
      class="card cardItem"
      data-testid="movieCard"
    >
      <div
        class="menu menuContext"
        data-testid="menu"
      >
        <button
          class="btnOpen"
          type="button"
        >
          <svg
            class="icon"
          >
            <use
              xlink:href="#undefined"
            />
          </svg>
        </button>
        <button
          class="btnClose"
          type="button"
        >
          <svg
            class="icon"
          >
            <use
              xlink:href="#undefined"
            />
          </svg>
        </button>
      </div>
      <div
        aria-hidden="true"
        class="preview"
        data-testid="showDetailsOnPicture"
        role="button"
      >
        <img
          alt="Dilwale Dulhania Le Jayenge"
          src="https://image.tmdb.org/t/p/w500/uC6TTUhPpQCmgldGyYveKRAu8JN.jpg"
        />
      </div>
      <div
        class="info"
      >
        <div
          aria-hidden="true"
          class="title"
          data-testid="showDetailsOnTitle"
          role="button"
        >
          Dilwale Dulhania Le Jayenge
        </div>
        <span
          class="year"
        >
          1995
        </span>
      </div>
      <div
        class="genres"
      >
        <span
          class="genre"
          data-testid="genre"
        >
          Comedy
        </span>
        <span
          class="genre"
          data-testid="genre"
        >
          Drama
        </span>
        <span
          class="genre"
          data-testid="genre"
        >
          Romance
        </span>
      </div>
    </div>
    <div
      class="card cardItem"
      data-testid="movieCard"
    >
      <div
        class="menu menuContext"
        data-testid="menu"
      >
        <button
          class="btnOpen"
          type="button"
        >
          <svg
            class="icon"
          >
            <use
              xlink:href="#undefined"
            />
          </svg>
        </button>
        <button
          class="btnClose"
          type="button"
        >
          <svg
            class="icon"
          >
            <use
              xlink:href="#undefined"
            />
          </svg>
        </button>
      </div>
      <div
        aria-hidden="true"
        class="preview"
        data-testid="showDetailsOnPicture"
        role="button"
      >
        <img
          alt="Tisay"
          src="https://image.tmdb.org/t/p/w500/lt03HzS8tfDg5ipUQcLqIRNs0sC.jpg"
        />
      </div>
      <div
        class="info"
      >
        <div
          aria-hidden="true"
          class="title"
          data-testid="showDetailsOnTitle"
          role="button"
        >
          Tisay
        </div>
        <span
          class="year"
        >
          2016
        </span>
      </div>
      <div
        class="genres"
      >
        <span
          class="genre"
          data-testid="genre"
        >
          Drama
        </span>
        <span
          class="genre"
          data-testid="genre"
        >
          Romance
        </span>
      </div>
    </div>
    <div
      class="card cardItem"
      data-testid="movieCard"
    >
      <div
        class="menu menuContext"
        data-testid="menu"
      >
        <button
          class="btnOpen"
          type="button"
        >
          <svg
            class="icon"
          >
            <use
              xlink:href="#undefined"
            />
          </svg>
        </button>
        <button
          class="btnClose"
          type="button"
        >
          <svg
            class="icon"
          >
            <use
              xlink:href="#undefined"
            />
          </svg>
        </button>
      </div>
      <div
        aria-hidden="true"
        class="preview"
        data-testid="showDetailsOnPicture"
        role="button"
      >
        <img
          alt="Héctor El Father: Conocerás la verdad"
          src="https://image.tmdb.org/t/p/w500/jwJoURyfm4XxtnYRtIOS2pYR9Np.jpg"
        />
      </div>
      <div
        class="info"
      >
        <div
          aria-hidden="true"
          class="title"
          data-testid="showDetailsOnTitle"
          role="button"
        >
          Héctor El Father: Conocerás la verdad
        </div>
        <span
          class="year"
        >
          2018
        </span>
      </div>
      <div
        class="genres"
      >
        <span
          class="genre"
          data-testid="genre"
        >
          Drama
        </span>
      </div>
    </div>
    <div
      class="card cardItem"
      data-testid="movieCard"
    >
      <div
        class="menu menuContext"
        data-testid="menu"
      >
        <button
          class="btnOpen"
          type="button"
        >
          <svg
            class="icon"
          >
            <use
              xlink:href="#undefined"
            />
          </svg>
        </button>
        <button
          class="btnClose"
          type="button"
        >
          <svg
            class="icon"
          >
            <use
              xlink:href="#undefined"
            />
          </svg>
        </button>
      </div>
      <div
        aria-hidden="true"
        class="preview"
        data-testid="showDetailsOnPicture"
        role="button"
      >
        <img
          alt="The Shawshank Redemption"
          src="https://image.tmdb.org/t/p/w500/9O7gLzmreU0nGkIB6K3BsJbzvNv.jpg"
        />
      </div>
      <div
        class="info"
      >
        <div
          aria-hidden="true"
          class="title"
          data-testid="showDetailsOnTitle"
          role="button"
        >
          The Shawshank Redemption
        </div>
        <span
          class="year"
        >
          1994
        </span>
      </div>
      <div
        class="genres"
      >
        <span
          class="genre"
          data-testid="genre"
        >
          Drama
        </span>
        <span
          class="genre"
          data-testid="genre"
        >
          Crime
        </span>
      </div>
    </div>
    <div
      class="card cardItem"
      data-testid="movieCard"
    >
      <div
        class="menu menuContext"
        data-testid="menu"
      >
        <button
          class="btnOpen"
          type="button"
        >
          <svg
            class="icon"
          >
            <use
              xlink:href="#undefined"
            />
          </svg>
        </button>
        <button
          class="btnClose"
          type="button"
        >
          <svg
            class="icon"
          >
            <use
              xlink:href="#undefined"
            />
          </svg>
        </button>
      </div>
      <div
        aria-hidden="true"
        class="preview"
        data-testid="showDetailsOnPicture"
        role="button"
      >
        <img
          alt="The Godfather"
          src="https://image.tmdb.org/t/p/w500/rPdtLWNsZmAtoZl9PK7S2wE3qiS.jpg"
        />
      </div>
      <div
        class="info"
      >
        <div
          aria-hidden="true"
          class="title"
          data-testid="showDetailsOnTitle"
          role="button"
        >
          The Godfather
        </div>
        <span
          class="year"
        >
          1972
        </span>
      </div>
      <div
        class="genres"
      >
        <span
          class="genre"
          data-testid="genre"
        >
          Drama
        </span>
        <span
          class="genre"
          data-testid="genre"
        >
          Crime
        </span>
      </div>
    </div>
    <div
      class="card cardItem"
      data-testid="movieCard"
    >
      <div
        class="menu menuContext"
        data-testid="menu"
      >
        <button
          class="btnOpen"
          type="button"
        >
          <svg
            class="icon"
          >
            <use
              xlink:href="#undefined"
            />
          </svg>
        </button>
        <button
          class="btnClose"
          type="button"
        >
          <svg
            class="icon"
          >
            <use
              xlink:href="#undefined"
            />
          </svg>
        </button>
      </div>
      <div
        aria-hidden="true"
        class="preview"
        data-testid="showDetailsOnPicture"
        role="button"
      >
        <img
          alt="Your Name."
          src="https://image.tmdb.org/t/p/w500/xq1Ugd62d23K2knRUx6xxuALTZB.jpg"
        />
      </div>
      <div
        class="info"
      >
        <div
          aria-hidden="true"
          class="title"
          data-testid="showDetailsOnTitle"
          role="button"
        >
          Your Name.
        </div>
        <span
          class="year"
        >
          2016
        </span>
      </div>
      <div
        class="genres"
      >
        <span
          class="genre"
          data-testid="genre"
        >
          Romance
        </span>
        <span
          class="genre"
          data-testid="genre"
        >
          Animation
        </span>
        <span
          class="genre"
          data-testid="genre"
        >
          Drama
        </span>
      </div>
    </div>
    <div
      class="card cardItem"
      data-testid="movieCard"
    >
      <div
        class="menu menuContext"
        data-testid="menu"
      >
        <button
          class="btnOpen"
          type="button"
        >
          <svg
            class="icon"
          >
            <use
              xlink:href="#undefined"
            />
          </svg>
        </button>
        <button
          class="btnClose"
          type="button"
        >
          <svg
            class="icon"
          >
            <use
              xlink:href="#undefined"
            />
          </svg>
        </button>
      </div>
      <div
        aria-hidden="true"
        class="preview"
        data-testid="showDetailsOnPicture"
        role="button"
      >
        <img
          alt="Sister's Younger Husband"
          src="https://image.tmdb.org/t/p/w500/wKCkyb7dyDTbZn7qy6zh8oqtFrT.jpg"
        />
      </div>
      <div
        class="info"
      >
        <div
          aria-hidden="true"
          class="title"
          data-testid="showDetailsOnTitle"
          role="button"
        >
          Sister's Younger Husband
        </div>
        <span
          class="year"
        >
          2016
        </span>
      </div>
      <div
        class="genres"
      >
        <span
          class="genre"
          data-testid="genre"
        >
          Comedy
        </span>
        <span
          class="genre"
          data-testid="genre"
        >
          Drama
        </span>
        <span
          class="genre"
          data-testid="genre"
        >
          Romance
        </span>
      </div>
    </div>
    <div
      class="card cardItem"
      data-testid="movieCard"
    >
      <div
        class="menu menuContext"
        data-testid="menu"
      >
        <button
          class="btnOpen"
          type="button"
        >
          <svg
            class="icon"
          >
            <use
              xlink:href="#undefined"
            />
          </svg>
        </button>
        <button
          class="btnClose"
          type="button"
        >
          <svg
            class="icon"
          >
            <use
              xlink:href="#undefined"
            />
          </svg>
        </button>
      </div>
      <div
        aria-hidden="true"
        class="preview"
        data-testid="showDetailsOnPicture"
        role="button"
      >
        <img
          alt="Spirited Away"
          src="https://image.tmdb.org/t/p/w500/dL11DBPcRhWWnJcFXl9A07MrqTI.jpg"
        />
      </div>
      <div
        class="info"
      >
        <div
          aria-hidden="true"
          class="title"
          data-testid="showDetailsOnTitle"
          role="button"
        >
          Spirited Away
        </div>
        <span
          class="year"
        >
          2001
        </span>
      </div>
      <div
        class="genres"
      >
        <span
          class="genre"
          data-testid="genre"
        >
          Animation
        </span>
        <span
          class="genre"
          data-testid="genre"
        >
          Family
        </span>
        <span
          class="genre"
          data-testid="genre"
        >
          Fantasy
        </span>
      </div>
    </div>
    <div
      class="card cardItem"
      data-testid="movieCard"
    >
      <div
        class="menu menuContext"
        data-testid="menu"
      >
        <button
          class="btnOpen"
          type="button"
        >
          <svg
            class="icon"
          >
            <use
              xlink:href="#undefined"
            />
          </svg>
        </button>
        <button
          class="btnClose"
          type="button"
        >
          <svg
            class="icon"
          >
            <use
              xlink:href="#undefined"
            />
          </svg>
        </button>
      </div>
      <div
        aria-hidden="true"
        class="preview"
        data-testid="showDetailsOnPicture"
        role="button"
      >
        <img
          alt="The Godfather: Part II"
          src="https://image.tmdb.org/t/p/w500/bVq65huQ8vHDd1a4Z37QtuyEvpA.jpg"
        />
      </div>
      <div
        class="info"
      >
        <div
          aria-hidden="true"
          class="title"
          data-testid="showDetailsOnTitle"
          role="button"
        >
          The Godfather: Part II
        </div>
        <span
          class="year"
        >
          1974
        </span>
      </div>
      <div
        class="genres"
      >
        <span
          class="genre"
          data-testid="genre"
        >
          Drama
        </span>
        <span
          class="genre"
          data-testid="genre"
        >
          Crime
        </span>
      </div>
    </div>
    <div
      class="card cardItem"
      data-testid="movieCard"
    >
      <div
        class="menu menuContext"
        data-testid="menu"
      >
        <button
          class="btnOpen"
          type="button"
        >
          <svg
            class="icon"
          >
            <use
              xlink:href="#undefined"
            />
          </svg>
        </button>
        <button
          class="btnClose"
          type="button"
        >
          <svg
            class="icon"
          >
            <use
              xlink:href="#undefined"
            />
          </svg>
        </button>
      </div>
      <div
        aria-hidden="true"
        class="preview"
        data-testid="showDetailsOnPicture"
        role="button"
      >
        <img
          alt="Love, Simon"
          src="https://image.tmdb.org/t/p/w500/5YUYg5q7QfC4IoNwNUtiwdiYKPr.jpg"
        />
      </div>
      <div
        class="info"
      >
        <div
          aria-hidden="true"
          class="title"
          data-testid="showDetailsOnTitle"
          role="button"
        >
          Love, Simon
        </div>
        <span
          class="year"
        >
          2018
        </span>
      </div>
      <div
        class="genres"
      >
        <span
          class="genre"
          data-testid="genre"
        >
          Comedy
        </span>
        <span
          class="genre"
          data-testid="genre"
        >
          Drama
        </span>
        <span
          class="genre"
          data-testid="genre"
        >
          Romance
        </span>
      </div>
    </div>
    <div
      class="card cardItem"
      data-testid="movieCard"
    >
      <div
        class="menu menuContext"
        data-testid="menu"
      >
        <button
          class="btnOpen"
          type="button"
        >
          <svg
            class="icon"
          >
            <use
              xlink:href="#undefined"
            />
          </svg>
        </button>
        <button
          class="btnClose"
          type="button"
        >
          <svg
            class="icon"
          >
            <use
              xlink:href="#undefined"
            />
          </svg>
        </button>
      </div>
      <div
        aria-hidden="true"
        class="preview"
        data-testid="showDetailsOnPicture"
        role="button"
      >
        <img
          alt="Schindler's List"
          src="https://image.tmdb.org/t/p/w500/yPisjyLweCl1tbgwgtzBCNCBle.jpg"
        />
      </div>
      <div
        class="info"
      >
        <div
          aria-hidden="true"
          class="title"
          data-testid="showDetailsOnTitle"
          role="button"
        >
          Schindler's List
        </div>
        <span
          class="year"
        >
          1993
        </span>
      </div>
      <div
        class="genres"
      >
        <span
          class="genre"
          data-testid="genre"
        >
          Drama
        </span>
        <span
          class="genre"
          data-testid="genre"
        >
          History
        </span>
        <span
          class="genre"
          data-testid="genre"
        >
          War
        </span>
      </div>
    </div>
    <div
      class="card cardItem"
      data-testid="movieCard"
    >
      <div
        class="menu menuContext"
        data-testid="menu"
      >
        <button
          class="btnOpen"
          type="button"
        >
          <svg
            class="icon"
          >
            <use
              xlink:href="#undefined"
            />
          </svg>
        </button>
        <button
          class="btnClose"
          type="button"
        >
          <svg
            class="icon"
          >
            <use
              xlink:href="#undefined"
            />
          </svg>
        </button>
      </div>
      <div
        aria-hidden="true"
        class="preview"
        data-testid="showDetailsOnPicture"
        role="button"
      >
        <img
          alt="The Lord of the Rings: The Return of the King"
          src="https://image.tmdb.org/t/p/w500/rCzpDGLbOoPwLjy3OAm5NUPOTrC.jpg"
        />
      </div>
      <div
        class="info"
      >
        <div
          aria-hidden="true"
          class="title"
          data-testid="showDetailsOnTitle"
          role="button"
        >
          The Lord of the Rings: The Return of the King
        </div>
        <span
          class="year"
        >
          2003
        </span>
      </div>
      <div
        class="genres"
      >
        <span
          class="genre"
          data-testid="genre"
        >
          Adventure
        </span>
        <span
          class="genre"
          data-testid="genre"
        >
          Fantasy
        </span>
        <span
          class="genre"
          data-testid="genre"
        >
          Action
        </span>
      </div>
    </div>
    <div
      class="card cardItem"
      data-testid="movieCard"
    >
      <div
        class="menu menuContext"
        data-testid="menu"
      >
        <button
          class="btnOpen"
          type="button"
        >
          <svg
            class="icon"
          >
            <use
              xlink:href="#undefined"
            />
          </svg>
        </button>
        <button
          class="btnClose"
          type="button"
        >
          <svg
            class="icon"
          >
            <use
              xlink:href="#undefined"
            />
          </svg>
        </button>
      </div>
      <div
        aria-hidden="true"
        class="preview"
        data-testid="showDetailsOnPicture"
        role="button"
      >
        <img
          alt="Fight Club"
          src="https://image.tmdb.org/t/p/w500/adw6Lq9FiC9zjYEpOqfq03ituwp.jpg"
        />
      </div>
      <div
        class="info"
      >
        <div
          aria-hidden="true"
          class="title"
          data-testid="showDetailsOnTitle"
          role="button"
        >
          Fight Club
        </div>
        <span
          class="year"
        >
          1999
        </span>
      </div>
      <div
        class="genres"
      >
        <span
          class="genre"
          data-testid="genre"
        >
          Drama
        </span>
      </div>
    </div>
    <div
      class="card cardItem"
      data-testid="movieCard"
    >
      <div
        class="menu menuContext"
        data-testid="menu"
      >
        <button
          class="btnOpen"
          type="button"
        >
          <svg
            class="icon"
          >
            <use
              xlink:href="#undefined"
            />
          </svg>
        </button>
        <button
          class="btnClose"
          type="button"
        >
          <svg
            class="icon"
          >
            <use
              xlink:href="#undefined"
            />
          </svg>
        </button>
      </div>
      <div
        aria-hidden="true"
        class="preview"
        data-testid="showDetailsOnPicture"
        role="button"
      >
        <img
          alt="One Flew Over the Cuckoo's Nest"
          src="https://image.tmdb.org/t/p/w500/2Sns5oMb356JNdBHgBETjIpRYy9.jpg"
        />
      </div>
      <div
        class="info"
      >
        <div
          aria-hidden="true"
          class="title"
          data-testid="showDetailsOnTitle"
          role="button"
        >
          One Flew Over the Cuckoo's Nest
        </div>
        <span
          class="year"
        >
          1975
        </span>
      </div>
      <div
        class="genres"
      >
        <span
          class="genre"
          data-testid="genre"
        >
          Drama
        </span>
      </div>
    </div>
  </div>
</DocumentFragment>
`;
